<html>
<body>
<pre>
<h1>礦ision Build Log</h1>
<h2>Tool Versions:</h2>
IDE-Version: μVision V5.26.2.0
Copyright (C) 2018 ARM Ltd and ARM Germany GmbH. All rights reserved.
License Information: ljl 2809728038@qq.com, ljl, LIC=ATTQ1-CUF7K-56XQ2-91DMZ-EBBKA-67EDD
 
Tool Versions:
Toolchain:       MDK-ARM Plus  Version: 5.26.2.0
Toolchain Path:  C:\Keil_v5\ARM\ARMCC\Bin
C Compiler:      Armcc.exe V5.06 update 6 (build 750)
Assembler:       Armasm.exe V5.06 update 6 (build 750)
Linker/Locator:  ArmLink.exe V5.06 update 6 (build 750)
Library Manager: ArmAr.exe V5.06 update 6 (build 750)
Hex Converter:   FromElf.exe V5.06 update 6 (build 750)
CPU DLL:         SARMCM3.DLL V5.26.2.0
Dialog DLL:      DCM.DLL V1.17.2.0
Target DLL:      Segger\JL2CM3.dll V2.99.31.0
Dialog DLL:      TCM.DLL V1.36.1.0
 
<h2>Project:</h2>
C:\Users\28097\Desktop\罗成慧享智能手环\罗成慧享智能手环\罗成慧享智能手环\开发源码\慧享智能手环_源码\完整体手表项目工程\USER\pro.uvprojx
Project File Date:  06/16/2025

<h2>Output:</h2>
*** Using Compiler 'V5.06 update 6 (build 750)', folder: 'C:\Keil_v5\ARM\ARMCC\Bin'
Build target 'project'
compiling main.c...
..\HARDWARE\RTC\rtc.h(12): warning:  #1295-D: Deprecated declaration Rtc_Init - give arg types
  void Rtc_Init();
..\HARDWARE\RTC\rtc.h(25): warning:  #1295-D: Deprecated declaration create_sport - give arg types
  void create_sport();
main.c(255): warning:  #177-D: variable "res"  was declared but never referenced
  	uint8_t res;
main.c(257): warning:  #177-D: variable "pitch"  was declared but never referenced
  	float pitch,roll,yaw; 		//??????
main.c(257): warning:  #177-D: variable "roll"  was declared but never referenced
  	float pitch,roll,yaw; 		//??????
main.c(257): warning:  #177-D: variable "yaw"  was declared but never referenced
  	float pitch,roll,yaw; 		//??????
main.c: 6 warnings, 0 errors
linking...
Program Size: Code=187950 RO-data=326350 RW-data=1576 ZI-data=107912  
FromELF: creating hex file...
"..\OBJ\pro.axf" - 0 Error(s), 6 Warning(s).

<h2>Software Packages used:</h2>

Package Vendor: Keil
                http://www.keil.com/pack/Keil.STM32F4xx_DFP.2.15.0.pack
                Keil.STM32F4xx_DFP.2.15.0
                STMicroelectronics STM32F4 Series Device Support, Drivers and Examples

<h2>Collection of Component include folders:</h2>
  .\RTE\_project
  C:\Keil_v5\ARM\PACK\Keil\STM32F4xx_DFP\2.15.0\Drivers\CMSIS\Device\ST\STM32F4xx\Include

<h2>Collection of Component Files used:</h2>
Build Time Elapsed:  00:00:10
</pre>
</body>
</html>
